I'm sorry, but errors were detected in your script. Please correct the
errors listed below, and try again.


File "game/screens.rpy", line 914: for expects a non-empty block.
    if not _history_list:
                         ^

Ren'Py Version: Ren'Py 8.0.3.22090809
Wed Mar 15 20:12:47 2023
